main.c:70:5:__io_putchar	16	static
main.c:75:8:bme280_init_indoor	16	static
main.c:107:8:bme280_read	16	static
main.c:118:6:print_sensor_data	40	static
main.c:127:8:user_i2c_read	48	static
main.c:138:8:user_i2c_write	48	static
main.c:149:6:user_delay_ms	16	static
main.c:160:5:main	16	static
main.c:219:6:SystemClock_Config	88	static
main.c:265:13:MX_I2C1_Init	8	static
main.c:299:13:MX_USART2_UART_Init	8	static
main.c:332:13:MX_GPIO_Init	48	static
main.c:368:6:Error_Handler	4	static,ignoring_inline_asm
