main.c:70:5:__io_putchar	16	static
main.c:75:8:bme280_init_indoor	16	static
main.c:107:8:bme280_read	16	static
main.c:119:6:print_sensor_data	40	static
main.c:129:8:user_i2c_read	48	static
main.c:140:8:user_i2c_write	48	static
main.c:151:6:user_delay_ms	16	static
main.c:162:5:main	32	static
main.c:243:6:SystemClock_Config	88	static
main.c:289:13:MX_I2C1_Init	8	static
main.c:323:13:MX_USART2_UART_Init	8	static
main.c:356:13:MX_GPIO_Init	48	static
main.c:414:6:Error_Handler	4	static,ignoring_inline_asm
